// Jest Snapshot v1, https://goo.gl/fbAQLP

exports[`MessageWarning Should match props and snapshot 1`] = `ReactWrapper {}`;
