// Jest Snapshot v1, https://goo.gl/fbAQLP

exports[`MessageError Should match props and snapshot 1`] = `ReactWrapper {}`;
