// Jest Snapshot v1, https://goo.gl/fbAQLP

exports[`PageView Should match props and snapshot 1`] = `ReactWrapper {}`;
