// Jest Snapshot v1, https://goo.gl/fbAQLP

exports[`Home Should match props and snapshot 1`] = `ReactWrapper {}`;
